// Jest Snapshot v1, https://goo.gl/fbAQLP

exports[`<OptForm /> redenrs the <OptForm /> with populated data 1`] = `
<div
  class="opt-form__Container-sc-8oudnm-0 eulPEt"
>
  <input
    class="opt-form__Input-sc-8oudnm-1 diRyqI"
    placeholder="Email address"
  />
  <button
    class="opt-form__Button-sc-8oudnm-3 cJarkG"
  >
    Try it Now
     
    <img
      alt=""
      src="/images/icons/chevron-right.png"
    />
  </button>
  <div
    class="opt-form__Break-sc-8oudnm-2 hLzMWV"
  />
  <p
    class="opt-form__Text-sc-8oudnm-4 kIDSNM"
  >
    Ready to watch?
  </p>
</div>
`;
